[mountainfieldguide.com/mount-kinabalu/index.html]
[backblue.gif]
[fade.gif]
[index.html]
[c0.wp.com/c/6.7.1/wp-includes/css/dist/block-library/style.min.css]
[mountainfieldguide.com/mount-kinabalu/feed/index.html]
[c0.wp.com/c/6.7.1/wp-includes/js/mediaelement/mediaelementplayer-legacy.min.css]
[c0.wp.com/c/6.7.1/wp-includes/js/mediaelement/wp-mediaelement.min.css]
[mountainfieldguide.com/wp-content/plugins/wp-trending-post-slider-and-widget/assets/css/slickc245.css]
[mountainfieldguide.com/wp-content/plugins/wp-trending-post-slider-and-widget/assets/css/wtpsw-publicc245.css]
[mountainfieldguide.com/wp-content/themes/graphene/bootstrap/css/bootstrap.min9704.css]
[mountainfieldguide.com/wp-content/themes/graphene/fonts/font-awesome/css/font-awesome.min9704.css]
[mountainfieldguide.com/wp-content/themes/graphene/stylef0c3.css]
[mountainfieldguide.com/wp-content/themes/graphene/responsivef0c3.css]
[mountainfieldguide.com/wp-content/themes/graphene/blocksf0c3.css]
[c0.wp.com/p/jetpack/13.8.1/_inc/social-logos/social-logos.min.css]
[c0.wp.com/p/jetpack/13.8.1/css/jetpack.css]
[c0.wp.com/p/jetpack/13.8.1/_inc/build/related-posts/related-posts.min.js]
[mountainfieldguide.com/wp-content/plugins/google-analytics-for-wordpress/assets/js/frontend-gtagd746.js]
[c0.wp.com/c/6.7.1/wp-includes/js/jquery/jquery.min.js]
[c0.wp.com/c/6.7.1/wp-includes/js/jquery/jquery-migrate.min.js]
[mountainfieldguide.com/wp-content/themes/graphene/bootstrap/js/bootstrap.minf0c3.js]
[mountainfieldguide.com/wp-content/themes/graphene/js/bootstrap-hover-dropdown/bootstrap-hover-dropdown.minf0c3.js]
[mountainfieldguide.com/wp-content/themes/graphene/js/bootstrap-submenu/bootstrap-submenu.minf0c3.js]
[mountainfieldguide.com/wp-content/themes/graphene/js/jquery.infinitescroll.minf0c3.js]
[mountainfieldguide.com/wp-content/themes/graphene/js/graphenef0c3.js]
[mountainfieldguide.com/wp-content/plugins/pinterest-pin-it-button-on-image-hover-and-post/js/pinit.js]
[ajax.googleapis.com/ajax/libs/webfont/1.6.26/webfont.js]
[mountainfieldguide.com/wp-content/uploads/2022/01/Blue-Ridge-Mountains-in-North-Georgia-USA-in-the-autumn-season-at-sunset..jpg]
[i0.wp.com/mountainfieldguide.com/wp-content/uploads/2019/01/fave43b.gif]
[pagead2.googlesyndication.com/pagead/js/fe6bf.txt]
[i0.wp.com/mountainfieldguide.com/wp-content/uploads/2017/10/header-1160x160-vecta519.jpg]
[i0.wp.com/mountainfieldguide.com/wp-content/uploads/2018/03/Mount-Kinabalu-near-Lows-Peak-about-3900m.-This-is-sunrise.b0c2.jpg]
[i0.wp.com/mountainfieldguide.com/wp-content/uploads/2018/03/Mt.-Kinabalu-Botanical-Garden-of-Kinabalu-Park.f4e5.jpg]
[i0.wp.com/mountainfieldguide.com/wp-content/uploads/2018/03/Mount-Kinabalu-view-form-Nabalu-Townf4e5.jpg]
[i0.wp.com/mountainfieldguide.com/wp-content/uploads/2020/04/Sunrise-over-Mt.-Kinabalu-silhouette-Kota-Kinabalu-Sabah-Borneo-Malaysia.994b.jpg]
[i0.wp.com/mountainfieldguide.com/wp-content/uploads/2018/03/The-beautiful-view-of-paddy-field-with-background-of-Kinabalu-Mount-located-at-Kota-Belud-Sabah-during-sunrise.2f9f.jpg]
[i0.wp.com/mountainfieldguide.com/wp-content/uploads/2018/03/Mount-Kinabalu-2994b.jpg]
[i0.wp.com/mountainfieldguide.com/wp-content/uploads/2020/04/Kota-Kinabalu-Mount-Kinabalu-Borneo-Land-Below-The-Windf4e5.jpg]
[i0.wp.com/mountainfieldguide.com/wp-content/uploads/2020/04/Flower-with-Mt.-Kinabalu-Kota-Kinabalu-Sabah-Borneo-Malaysia.f4e5.jpg]
[i0.wp.com/mountainfieldguide.com/wp-content/uploads/2018/03/Mount-Kinabaluf4e5.jpg]
[i0.wp.com/mountainfieldguide.com/wp-content/uploads/2020/04/Mount-Kinabalu-near-Lows-Peak-about-3900m.-This-is-sunrise.b0c2.jpg]
[i0.wp.com/mountainfieldguide.com/wp-content/uploads/2020/04/Mount-Kinabalu-Sunrise56e0.jpg]
[i0.wp.com/mountainfieldguide.com/wp-content/uploads/2020/04/Mount-Kinabalu-summit-rocky-peaks-Borneo-Malaysia994b.jpg]
[i0.wp.com/mountainfieldguide.com/wp-content/uploads/2020/04/Sabahan-villagers-native-couple-walk-through-a-hanging-bridge-with-beautiful-majestic-Mount-Kinabalu-at-background.b0c2.jpg]
[i0.wp.com/mountainfieldguide.com/wp-content/uploads/2020/04/Kinabalu-peak-views-from-Gayang-bridgef4e5.jpg]
[mountainfieldguide.com/wp-content/uploads/2021/12/View-of-the-Palisades-Tahoe-Valley-a-ski-resort-in-California-site-of-the-1960-Winter-Olympics-renamed-in-September-2021.-150x150.jpg]
[i0.wp.com/mountainfieldguide.com/wp-content/uploads/2023/07/Fiery-sunrise-in-the-Colorado-Rocky-Mountains.-Sunrise-over-Blanca-Peak-in-the-Sangre-de-Cristo-Range321f.jpg]
[i0.wp.com/mountainfieldguide.com/wp-content/uploads/2021/01/The-aerial-sunrise-view-from-the-top-of-Carstensz-Pyramid-Mt.-Puncak-Jaya-in-Papua-island-in-Indonesia.0cfb.jpg]
[i0.wp.com/mountainfieldguide.com/wp-content/uploads/2023/11/Adventurous-Girl-navigating-in-with-a-Topographic-Map-in-the-beautiful-Mountains-of-the-Austrian-Alps1bc3.jpg]
[i0.wp.com/mountainfieldguide.com/wp-content/uploads/2020/04/mountains-of-Colorado421f.jpg]
[i0.wp.com/mountainfieldguide.com/wp-content/uploads/2023/04/roadtrip-adventure38a1.jpg]
[mountainfieldguide.com/wp-content/plugins/facebook-pagelike-widget/loader.gif]
[i0.wp.com/mountainfieldguide.com/wp-content/uploads/2018/07/Nepal-16451.jpg]
[mountainfieldguide.com/wp-content/plugins/wp-trending-post-slider-and-widget/assets/js/wtpsw-publicc245.js]
[secure.gravatar.com/js/gprofiles5f6c.js]
[c0.wp.com/p/jetpack/13.8.1/modules/wpgroho.js]
[c0.wp.com/c/6.7.1/wp-includes/js/comment-reply.min.js]
[c0.wp.com/p/jetpack/13.8.1/_inc/build/likes/queuehandler.min.js]
[stats.wp.com/e-202450.js]
[mountainfieldguide.com/wp-content/plugins/akismet/_inc/akismet-frontendbd6f.js]
[mountainfieldguide.com/wp-content/plugins/facebook-pagelike-widget/fb5152.js]
[connect.facebook.net/en_US/sdkd5f7.js]
[c0.wp.com/p/jetpack/13.8.1/_inc/build/sharedaddy/sharing.min.js]
[mountainfieldguide.com/mount-kinabalu/iframe.src]
[mountainfieldguide.com/mount-kinabalu/index.html]
[c0.wp.com/c/6.7.1/wp-includes/css/dist/block-library/style.min.css]
[c0.wp.com/c/6.7.1/wp-includes/js/mediaelement/mediaelementplayer-legacy.min.css]
[c0.wp.com/c/6.7.1/wp-includes/js/mediaelement/wp-mediaelement.min.css]
[c0.wp.com/c/6.7.1/wp-includes/js/mediaelement/mejs-controls.svg]
[mountainfieldguide.com/wp-content/plugins/wp-trending-post-slider-and-widget/assets/images/ajax-loader.gif]
[mountainfieldguide.com/wp-content/plugins/wp-trending-post-slider-and-widget/assets/css/slickc245.css]
[mountainfieldguide.com/wp-content/plugins/wp-trending-post-slider-and-widget/assets/css/wtpsw-publicc245.css]
[mountainfieldguide.com/wp-content/themes/graphene/bootstrap/css/bootstrap.min9704.css]
[mountainfieldguide.com/wp-content/themes/graphene/fonts/font-awesome/css/font-awesome.min9704.css]
[mountainfieldguide.com/wp-content/themes/graphene/images/control.png]
[mountainfieldguide.com/wp-content/themes/graphene/stylef0c3.css]
[mountainfieldguide.com/wp-content/themes/graphene/responsivef0c3.css]
[mountainfieldguide.com/wp-content/themes/graphene/blocksf0c3.css]
[c0.wp.com/p/jetpack/13.8.1/_inc/social-logos/social-logos.min.css]
[c0.wp.com/p/jetpack/13.8.1/modules/shortcodes/img/slideshow-controls.png]
[c0.wp.com/p/jetpack/13.8.1/modules/shortcodes/img/slideshow-controls-2x.png]
[c0.wp.com/p/jetpack/13.8.1/modules/shortcodes/images/slide-nav.png]
[c0.wp.com/p/jetpack/13.8.1/modules/shortcodes/images/expand.png]
[c0.wp.com/p/jetpack/13.8.1/modules/shortcodes/images/collapse.png]
[c0.wp.com/p/jetpack/13.8.1/css/jetpack.css]
[mountainfieldguide.com/mount-kinabalu/index5a58.html]
[mountainfieldguide.com/mount-kinabalu/index62b6.html]
[mountainfieldguide.com/wp-content/plugins/pinterest-pin-it-button-on-image-hover-and-post/js/main9704.js]
[connect.facebook.net/en_US/sdkd5f7.js]
[mountainfieldguide.com/mount-kinabalu/iframe.html]
[c0.wp.com/c/6.7.1/wp-includes/js/mediaelement/mejs-controls.svg]
