[demisabah.com/keunikan-gunung-kinabalu-tarikan-pelancong-berkunjung/index.html]
[backblue.gif]
[fade.gif]
[index.html]
[demisabah.com/wp-content/uploads/2020/10/favicon-sabah.png]
[demisabah.com/wp-content/uploads/2022/02/dsfdfdsfdsf.jpg]
[demisabah.com/wp-includes/css/dist/block-library/style.min0b5e.css]
[demisabah.com/keunikan-gunung-kinabalu-tarikan-pelancong-berkunjung/feed/index.html]
[demisabah.com/wp-content/plugins/td-composer/td-multi-purpose/style0e95.css]
[demisabah.com/wp-content/themes/Newspaper/style1936.css]
[demisabah.com/wp-content/plugins/td-composer/legacy/Newspaper/assets/css/td_legacy_main0e95.css]
[demisabah.com/wp-content/plugins/td-cloud-library/assets/css/tdb_mainf2e4.css]
[demisabah.com/wp-includes/js/jquery/jquery.minf43b.js]
[demisabah.com/wp-includes/js/jquery/jquery-migrate.min5589.js]
[pagead2.googlesyndication.com/pagead/js/ff338.txt]
[demisabah.com/wp-content/uploads/2024/03/login-mod.jpg]
[demisabah.com/wp-content/uploads/2020/10/NEW-DEMI-SABAH-logo-besar-300x77.png]
[demisabah.com/wp-content/uploads/2020/10/NEW-DEMI-SABAH-logo-besar.png]
[demisabah.com/wp-content/uploads/2020/10/banner-iklan-demiselangor.jpg]
[demisabah.com/wp-content/uploads/2022/02/dsfdfdsfdsf-696x464.jpg]
[demisabah.com/wp-content/uploads/2022/02/sdsadasdsad.jpg]
[new.demisabah.com/wp-content/uploads/2024/03/footer_bg.jpg]
[demisabah.com/wp-includes/js/underscore.min3ab8.js]
[demisabah.com/wp-content/plugins/td-cloud-library/assets/js/js_posts_autoload.minf2e4.js]
[demisabah.com/wp-content/plugins/td-composer/legacy/Newspaper/js/tagdiv_theme.min1936.js]
[demisabah.com/wp-content/plugins/td-composer/legacy/Newspaper/js/tdPostImages1936.js]
[demisabah.com/wp-content/plugins/td-composer/legacy/Newspaper/js/tdSocialSharing1936.js]
[demisabah.com/wp-content/plugins/td-composer/legacy/Newspaper/js/tdModalPostImages1936.js]
[demisabah.com/wp-includes/js/comment-reply.min0b5e.js]
[demisabah.com/wp-content/plugins/td-cloud-library/assets/js/js_files_for_front.minf2e4.js]
[demisabah.com/wp-content/plugins/td-composer/legacy/Newspaper/js/tdLoadingBox1936.js]
[demisabah.com/wp-content/plugins/td-cloud-library/assets/js/tdbMenuf2e4.js]
[demisabah.com/wp-content/plugins/td-composer/legacy/Newspaper/js/tdInfiniteLoader1936.js]
[demisabah.com/wp-content/plugins/td-composer/legacy/Newspaper/js/tdToTop1936.js]
[demisabah.com/wp-content/plugins/td-composer/legacy/Newspaper/js/tdAjaxSearch1936.js]
[demisabah.com/wp-content/plugins/td-cloud-library/assets/js/tdbSearchf2e4.js]
[demisabah.com/wp-content/plugins/td-composer/legacy/Newspaper/js/tdMenu1936.js]
[demisabah.com/keunikan-gunung-kinabalu-tarikan-pelancong-berkunjung/index.html]
[demisabah.com/wp-content/plugins/td-composer/legacy/Newspaper/js/tdSmartSidebar1936.js]
[demisabah.com/wp-includes/css/dist/block-library/style.min0b5e.css]
[demisabah.com/wp-content/plugins/td-composer/td-multi-purpose/images/icons/multipurposec81e.eot]
[demisabah.com/wp-content/plugins/td-composer/td-multi-purpose/images/icons/multipurposec81e.woff]
[demisabah.com/wp-content/plugins/td-composer/td-multi-purpose/images/icons/multipurposec81e.ttf]
[demisabah.com/wp-content/plugins/td-composer/td-multi-purpose/images/icons/multipurposec81e.svg]
[demisabah.com/wp-content/plugins/td-composer/td-multi-purpose/style0e95.css]
[demisabah.com/wp-content/themes/Newspaper/images/icons/newspaper3769.eot]
[demisabah.com/wp-content/themes/Newspaper/images/icons/newspaper3769.woff]
[demisabah.com/wp-content/themes/Newspaper/images/icons/newspaper3769.ttf]
[demisabah.com/wp-content/themes/Newspaper/style1936.css]
[demisabah.com/wp-content/themes/Newspaper/images/icons/newspaper3769.svg]
[demisabah.com/wp-content/plugins/td-composer/legacy/Newspaper/assets/images/sprite/elements.png]
[demisabah.com/wp-content/plugins/td-composer/legacy/Newspaper/assets/images/sprite/elements@2x.png]
[demisabah.com/wp-content/plugins/td-composer/legacy/Newspaper/assets/css/td_legacy_main0e95.css]
[demisabah.com/wp-content/plugins/td-cloud-library/assets/css/tdb_mainf2e4.css]
[demisabah.com/wp-content/plugins/td-composer/td-multi-purpose/images/icons/multipurposec81e.svg]
[demisabah.com/wp-content/themes/Newspaper/images/icons/newspaper3769.svg]
