[pandupelancong.com/destination/gunung-kinabalu/index.html]
[backblue.gif]
[fade.gif]
[index.html]
[pandupelancong.com/wp-includes/css/dist/block-library/style.min9704.css]
[pandupelancong.com/wp-includes/js/mediaelement/mediaelementplayer-legacy.min1f61.css]
[pandupelancong.com/destination/gunung-kinabalu/feed/index.html]
[pandupelancong.com/wp-includes/js/mediaelement/wp-mediaelement.min9704.css]
[pandupelancong.com/wp-content/plugins/travel-plugin-post/assets/custom-meta9704.css]
[pandupelancong.com/wp-content/plugins/travel-plugin-post/assets/style9704.css]
[pandupelancong.com/wp-content/plugins/wordpress-popular-posts/assets/css/wpp1e39.css]
[pandupelancong.com/wp-content/themes/gpblogpro/css/owl.carousel.min9704.css]
[pandupelancong.com/wp-content/themes/gpblogpro/css/owl.theme.default.min9704.css]
[pandupelancong.com/wp-content/themes/generatepress/assets/css/components/comments.min6b00.css]
[pandupelancong.com/wp-content/themes/generatepress/assets/css/main.min6b00.css]
[pandupelancong.com/wp-content/themes/gpblogpro/style2f4d.css]
[pandupelancong.com/wp-content/plugins/add-to-any/addtoany.mind47c.css]
[pandupelancong.com/wp-content/plugins/gp-premium/blog/functions/css/style.min8066.css]
[pandupelancong.com/wp-content/plugins/gp-premium/menu-plus/functions/css/offside.min8066.css]
[static.addtoany.com/menu/page.js]
[pandupelancong.com/wp-includes/js/jquery/jquery.minf43b.js]
[pandupelancong.com/wp-includes/js/jquery/jquery-migrate.min5589.js]
[pandupelancong.com/wp-content/plugins/add-to-any/addtoany.min4963.js]
[pandupelancong.com/wp-content/plugins/wordpress-popular-posts/assets/js/wpp.min1e39.js]
[pandupelancong.com/wp-content/themes/gpblogpro/js/jquery-3.7.0.min9704.js]
[pandupelancong.com/wp-content/themes/gpblogpro/js/owl.carousel.min9704.js]
[pandupelancong.com/wp-content/themes/gpblogpro/js/custom9704.js]
[pagead2.googlesyndication.com/pagead/js/fc553.txt]
[pagead2.googlesyndication.com/pagead/js/f4761.txt]
[pandupelancong.com/wp-includes/js/dist/script-modules/block-library/navigation/view.minf7ab.js]
[pandupelancong.com/wp-includes/js/dist/script-modules/interactivity/index.min563f.js]
[pandupelancong.com/wp-content/plugins/gp-premium/menu-plus/functions/js/offside.min8066.js]
[pandupelancong.com/wp-content/plugins/gp-premium/general/js/smooth-scroll.min8066.js]
[pandupelancong.com/wp-content/plugins/travel-plugin-post/assets/js/toc-toggle8a54.js]
[pandupelancong.com/wp-content/themes/generatepress/assets/js/menu.min6b00.js]
[pandupelancong.com/wp-content/themes/generatepress/assets/dist/modal6b00.js]
[pandupelancong.com/wp-includes/js/comment-reply.min9704.js]
[stats.wp.com/e-202450.js]
[pandupelancong.com/destination/gunung-kinabalu/index.html]
[pandupelancong.com/wp-content/plugins/akismet/_inc/akismet-frontend47f6.js]
[pandupelancong.com/wp-includes/css/dist/block-library/style.min9704.css]
[pandupelancong.com/wp-includes/js/mediaelement/mejs-controls.svg]
[pandupelancong.com/wp-includes/js/mediaelement/mediaelementplayer-legacy.min1f61.css]
[pandupelancong.com/wp-includes/js/mediaelement/wp-mediaelement.min9704.css]
[pandupelancong.com/wp-content/plugins/travel-plugin-post/assets/custom-meta9704.css]
[pandupelancong.com/wp-content/plugins/travel-plugin-post/assets/style9704.css]
[pandupelancong.com/wp-content/plugins/wordpress-popular-posts/assets/css/wpp1e39.css]
[pandupelancong.com/wp-content/themes/gpblogpro/css/owl.video.play.png]
[pandupelancong.com/wp-content/themes/gpblogpro/css/owl.carousel.min9704.css]
[pandupelancong.com/wp-content/themes/gpblogpro/css/owl.theme.default.min9704.css]
[pandupelancong.com/wp-content/themes/generatepress/assets/css/components/comments.min6b00.css]
[pandupelancong.com/wp-content/themes/generatepress/assets/css/main.min6b00.css]
[pandupelancong.com/wp-content/themes/gpblogpro/images/arrow-left.svg]
[pandupelancong.com/wp-content/themes/gpblogpro/images/arrow-right.svg]
[pandupelancong.com/wp-content/themes/gpblogpro/style2f4d.css]
[pandupelancong.com/wp-content/plugins/add-to-any/addtoany.mind47c.css]
[pandupelancong.com/wp-content/plugins/gp-premium/blog/functions/css/style.min8066.css]
[pandupelancong.com/wp-content/plugins/gp-premium/menu-plus/functions/css/offside.min8066.css]
[pandupelancong.com/wp-includes/js/mediaelement/mejs-controls.svg]
[pandupelancong.com/wp-content/themes/gpblogpro/css/owl.video.play.html]
[pandupelancong.com/wp-content/themes/gpblogpro/images/arrow-left.svg]
[pandupelancong.com/wp-content/themes/gpblogpro/images/arrow-right.svg]
