[theplanetd.com/mount-kinabalu-2-tough-days-in-borneo/index.html]
[theplanetd.com/mount-kinabalu-2-tough-days-in-borneo/window.location.href]
[backblue.gif]
[fade.gif]
[index.html]
[theplanetd.com/mount-kinabalu-2-tough-days-in-borneo/Firefox/index.html]
[theplanetd.com/images/mount-kinabalu-summit.jpg]
[scripts.stay22.com/letmeallez.js]
[theplanetd.com/wp-content/plugins/wp-rocket/assets/img/youtube.png]
[theplanetd.com/images/cropped-site-icon-32x32.png]
[theplanetd.com/images/cropped-site-icon-192x192.png]
[theplanetd.com/images/cropped-site-icon-180x180.png]
[theplanetd.com/images/the-planet-d-logo-2021.png]
[theplanetd.com/images/mount-kinabalu-forest.jpg]
[theplanetd.com/images/mount-kinabalu-hike.jpg]
[theplanetd.com/images/mount-kinabalu-tree.jpg]
[theplanetd.com/images/mount-kinabalu-guide.jpg]
[theplanetd.com/images/mount-kinabalu-camera.jpg]
[theplanetd.com/images/mount-kinabalu-climbing.jpg]
[theplanetd.com/images/mount-kinabalu-deb.jpg]
[theplanetd.com/images/mount-kinabalu-couple.jpg]
[theplanetd.com/images/mount-kinablau-climber-summit.jpg]
[theplanetd.com/images/best-hikes-in-the-world-400x300.jpg]
[theplanetd.com/images/Everest-Base-Camp-trek-nepal-2-400x300.jpg]
[theplanetd.com/images/Best-Hikes-in-United-States-400x300.jpg]
[theplanetd.com/images/About-The-Planet-D-Sidebar.jpg]
[theplanetd.com/images/Travel-Tips-Sidebar.jpg]
[theplanetd.com/images/Photography-Sidebar.jpg]
[theplanetd.com/images/Road-Trips-Sidebar.jpg]
[theplanetd.com/wp-content/plugins/social-pug/assets/dist/front-end-pro.js]
[theplanetd.com/wp-includes/js/comment-reply.min.js]
[ads.adthrive.com/abd/abd.js]
[theplanetd.com/wp-content/plugins/wp-rocket/assets/js/lazyload/17.8.3/lazyload.min.js]
[theplanetd.com/mount-kinabalu-2-tough-days-in-borneo/index.html]
[theplanetd.com/mount-kinabalu-2-tough-days-in-borneo/i/index.html]
[theplanetd.com/mount-kinabalu-2-tough-days-in-borneo/Firefox/index.html]
[theplanetd.com/mount-kinabalu-2-tough-days-in-borneo/window.location.html]
[theplanetd.com/mount-kinabalu-2-tough-days-in-borneo/GET/index.html]
[i.ytimg.com/vi/ID/hqdefault.jpg]
[theplanetd.com/wp-content/plugins/wp-rocket/assets/js/wpr-beacon.min.js]
