[www.sabahparks.org.my/kinabalu-park/flora-fauna.html]
[backblue.gif]
[fade.gif]
[index.html]
[www.sabahparks.org.my/images/sabahparks/favicon.png]
[www.sabahparks.org.my/css/webfonts.css]
[use.fontawesome.com/releases/v5.15.4/css/all.css]
[www.sabahparks.org.my/css/iceblendedmochac06f.css]
[www.sabahparks.org.my/js/lemontehping57e4.js]
[use.fontawesome.com/6fb9af6ea9.css]
[www.google.com/recaptcha/apidcfb.js]
[www.sabahparks.org.my/images/sabahparks/logo/logo_update_type_2/update_2024/sp-state-harmony-type-2-white-bg-t2.png]
[www.sabahparks.org.my/images/sabahparks/logo/logo_update_type_2/update_2024/sp-state-harmony-type-2-black-bg-t2.png]
[www.sabahparks.org.my/images/sabahparks/kinabalu-2.jpg]
[www.sabahparks.org.my/kinabalu-park/mount-kinabalu.html]
[www.sabahparks.org.my/kinabalu-park/mount-tambuyukon.html]
[www.sabahparks.org.my/kinabalu-park/mount-nambuyukon.html]
[www.sabahparks.org.my/kinabalu-park/gurkha-hut.html]
[www.sabahparks.org.my/kinabalu-park/marai-parai.html]
[www.sabahparks.org.my/kinabalu-park/vegetation-profile.html]
[www.sabahparks.org.my/kinabalu-park/poring.html]
[www.sabahparks.org.my/kinabalu-park/poring/exsitu.html]
[www.sabahparks.org.my/kinabalu-park/poring/canopy.html]
[www.sabahparks.org.my/kinabalu-park/mesilau.html]
[www.sabahparks.org.my/images/sp-parallax/footer-allax/main-footer-draft5.jpg]
[www.sabahparks.org.my/images/sabahparks/logo/logo_update_type_2/update_2024/sp-state-harmony-black-bg-t2.png]
[www.sabahparks.org.my/images/sabahparks/footer/whs.png]
[www.sabahparks.org.my/images/sabahparks/footer/geopark.png]
[www.sabahparks.org.my/images/sabahparks/footer/crbr.png]
[www.sabahparks.org.my/kinabalu-park/flora-fauna.html]
[www.sabahparks.org.my/css/webfonts.css]
[www.sabahparks.org.my/images/expand.png]
[www.sabahparks.org.my/preview/images/new-badge.png]
[www.sabahparks.org.my/images/overlay-pattern/gplay.png]
[www.sabahparks.org.my/images/overlay-pattern/3px-tile.png]
[www.sabahparks.org.my/images/overlay-pattern/asfalt-dark.png]
[www.sabahparks.org.my/images/overlay-pattern/axiom-pattern.png]
[www.sabahparks.org.my/images/triangle-divider-down.png]
[www.sabahparks.org.my/images/triangle-divider-top.png]
[www.sabahparks.org.my/images/dropdown-arrow.png]
[www.sabahparks.org.my/images/spinner.gif]
[www.sabahparks.org.my/images/sabahparks/border-white.png]
[www.sabahparks.org.my/images/sp-parallax/allax-load/spx-mobile-light-mode-eng.jpg]
[www.sabahparks.org.my/images/sp-parallax/allax-load/spx-mobile-light-mode-bm.jpg]
[res.cloudinary.com/kinabalu2cloud/image/upload/f_auto/v1694579048/MrD-pallax/sp0x-v2-1.jpg]
[res.cloudinary.com/kinabalu2cloud/image/upload/f_auto/v1694578937/MrD-pallax/spx1-v2.png]
[www.sabahparks.org.my/images/sp-parallax/2023/mountain-clouds-v2.png]
[res.cloudinary.com/kinabalu2cloud/image/upload/f_auto/v1664262210/MrD-pallax-custom/spx2.png]
[res.cloudinary.com/kinabalu2cloud/image/upload/f_auto/v1664417622/MrD-pallax-custom/spx3n_with_title_tiny3.png]
[www.sabahparks.org.my/images/sp-parallax/png_ori/spx3-bm.png]
[res.cloudinary.com/kinabalu2cloud/image/upload/f_auto/v1664262210/MrD-pallax-custom/spx4.png]
[res.cloudinary.com/kinabalu2cloud/image/upload/f_auto/v1664262210/MrD-pallax-custom/spx5.png]
[res.cloudinary.com/kinabalu2cloud/image/upload/f_auto/v1664262210/MrD-pallax-custom/spx5n2.png]
[www.sabahparks.org.my/images/sp-parallax/allax-load/spx7_new.png]
[www.sabahparks.org.my/images/sabahparks/background-geo-3.jpg]
[www.sabahparks.org.my/images/sabahparks/background/bg-ready-climb-4-perfect.jpg]
[www.sabahparks.org.my/images/sp-parallax/dark-mode/spx-mobile-dark-mode-bi.jpg]
[www.sabahparks.org.my/images/sp-parallax/dark-mode/spx-mobile-dark-mode-bm.jpg]
[res.cloudinary.com/kinabalucloud/image/upload/f_auto/v1666755900/SP Website Source 2022 - Dark Mode Edition/spx-dm0_lmm8bo.jpg]
[res.cloudinary.com/kinabalucloud/image/upload/f_auto/v1666755904/SP Website Source 2022 - Dark Mode Edition/spx-dm1_elipuk.png]
[res.cloudinary.com/kinabalucloud/image/upload/f_auto/v1666755899/SP Website Source 2022 - Dark Mode Edition/spx-dm2_jd8qcn.png]
[res.cloudinary.com/kinabalucloud/image/upload/f_auto/v1666755900/SP Website Source 2022 - Dark Mode Edition/spx-dm3_zeylyy.png]
[res.cloudinary.com/kinabalucloud/image/upload/f_auto/v1666755904/SP Website Source 2022 - Dark Mode Edition/spx-dm3-bm_xbexz9.png]
[res.cloudinary.com/kinabalucloud/image/upload/f_auto/v1666755899/SP Website Source 2022 - Dark Mode Edition/spx-dm4_zuyeyn.png]
[res.cloudinary.com/kinabalucloud/image/upload/f_auto/v1666755900/SP Website Source 2022 - Dark Mode Edition/spx-dm5_z5ei3t.png]
[res.cloudinary.com/kinabalucloud/image/upload/f_auto/v1666755901/SP Website Source 2022 - Dark Mode Edition/spx-dm5n_om7kuy.png]
[res.cloudinary.com/kinabalucloud/image/upload/f_auto/v1666755901/SP Website Source 2022 - Dark Mode Edition/spx-dm6n_ees3ez.png]
[www.sabahparks.org.my/images/sp-parallax/footer-allax/main-footer-night-draft1.jpg]
[www.sabahparks.org.my/images/sabahparks/bg-geo-dark-mode.jpg]
[www.sabahparks.org.my/images/sabahparks/background/bg-ready-climb-4-perfect-darkmode.jpg]
[www.sabahparks.org.my/css/owl.video.play.png]
[www.sabahparks.org.my/css/iceblendedmochac06f.css]
[use.fontawesome.com/releases/v5.15.4/css/all.css]
[use.fontawesome.com/6fb9af6ea9.css]
[www.googletagmanager.com/gtm5445.html]
[use.fontawesome.com/releases/v4.6.3/css/font-awesome-css.min.css]
[www.sabahparks.org.my/images/sabahparks/mount-kinabalu.jpg]
[www.sabahparks.org.my/images/sabahparks/kinabalupark/mount-kinabalu-trail.jpg]
[www.sabahparks.org.my/kinabalu-park/mount-kinabalu.html]
[www.sabahparks.org.my/images/sabahparks/brochures/summit-trails.jpg]
[www.sabahparks.org.my/kinabalu-park/mount-tambuyukon.html]
[www.sabahparks.org.my/kinabalu-park/mount-nambuyukon.html]
[www.sabahparks.org.my/kinabalu-park/gurkha-hut.html]
[www.sabahparks.org.my/kinabalu-park/marai-parai.html]
[www.sabahparks.org.my/kinabalu-park/vegetation-profile.html]
[unpkg.com/leaflet@1.7.1/dist/leaflet.css]
[unpkg.com/leaflet@1.7.1/dist/leaflet.js]
[unpkg.com/esri-leaflet@2.5.3/dist/esri-leaflet.js]
[www.sabahparks.org.my/images/sabahparks/poring/poring-hq.jpg]
[www.sabahparks.org.my/images/sabahparks/poring/poring-kipungit.jpg]
[www.sabahparks.org.my/kinabalu-park/poring.html]
[www.sabahparks.org.my/kinabalu-park/poring/exsitu.html]
[www.sabahparks.org.my/images/sabahparks/poring/poring-canopy-1.jpg]
[www.sabahparks.org.my/images/sabahparks/poring/poring-canopy-2.jpg]
[www.sabahparks.org.my/kinabalu-park/poring/canopy.html]
[www.sabahparks.org.my/kinabalu-park/mesilau.html]
[www.sabahparks.org.my/preview/images/new-badge.html]
[www.sabahparks.org.my/css/owl.video.play.html]
[use.fontawesome.com/releases/v4.6.3/css/font-awesome-css.min.css]
[unpkg.com/leaflet@1.7.1/dist/images/layers.png]
[unpkg.com/leaflet@1.7.1/dist/images/layers-2x.png]
[unpkg.com/leaflet@1.7.1/dist/leaflet.css]
[unpkg.com/leaflet@1.7.1/dist/images/marker-icon.png]
